2026-06-29 13:59:10 Loaded main app package /nix/store/bm09z1wrd5p7yp29iicf7pfr79vj54fc-obsidian-1.12.7/share/obsidian/obsidian.asar
2026-06-29 13:59:11 Checking for update using Github
2026-06-29 13:59:11 Success.
2026-06-29 13:59:11 Latest version is 1.12.7
2026-06-29 13:59:11 App is up to date.
2026-06-29 23:58:58 Loaded main app package /nix/store/bm09z1wrd5p7yp29iicf7pfr79vj54fc-obsidian-1.12.7/share/obsidian/obsidian.asar
2026-06-29 23:58:58 Checking for update using Github
2026-06-29 23:58:59 Success.
2026-06-29 23:58:59 Latest version is 1.12.7
2026-06-29 23:58:59 App is up to date.
2026-06-29 23:59:03 Loaded main app package /nix/store/bm09z1wrd5p7yp29iicf7pfr79vj54fc-obsidian-1.12.7/share/obsidian/obsidian.asar
2026-06-29 23:59:04 Checking for update using Github
2026-06-29 23:59:04 Success.
2026-06-29 23:59:04 Latest version is 1.12.7
2026-06-29 23:59:04 App is up to date.
2026-06-30 00:03:29 Loaded main app package /nix/store/bm09z1wrd5p7yp29iicf7pfr79vj54fc-obsidian-1.12.7/share/obsidian/obsidian.asar
2026-06-30 00:03:29 Checking for update using Github
2026-06-30 00:03:29 Success.
2026-06-30 00:03:29 Latest version is 1.12.7
2026-06-30 00:03:29 App is up to date.
2026-06-30 11:46:18 Loaded main app package /nix/store/bm09z1wrd5p7yp29iicf7pfr79vj54fc-obsidian-1.12.7/share/obsidian/obsidian.asar
2026-06-30 11:46:18 Checking for update using Github
2026-06-30 11:46:19 Success.
2026-06-30 11:46:19 Latest version is 1.12.7
2026-06-30 11:46:19 App is up to date.
2026-07-06 10:12:57 Loaded main app package /nix/store/bm09z1wrd5p7yp29iicf7pfr79vj54fc-obsidian-1.12.7/share/obsidian/obsidian.asar
2026-07-06 10:12:58 Checking for update using Github
2026-07-06 10:12:58 Success.
2026-07-06 10:12:58 Latest version is 1.12.7
2026-07-06 10:12:58 App is up to date.
2026-07-06 11:12:57 Checking for update using Github
2026-07-06 11:12:57 Success.
2026-07-06 11:12:57 Latest version is 1.12.7
2026-07-06 11:12:57 App is up to date.
2026-07-19 22:27:51 Loaded main app package /nix/store/3wprmks1ahz3sy7kq2fijjdxg0zb5zqm-obsidian-1.12.7/share/obsidian/obsidian.asar
2026-07-19 22:27:51 Checking for update using Github
2026-07-19 22:27:52 Success.
2026-07-19 22:27:52 Latest version is 1.12.7
2026-07-19 22:27:52 App is up to date.
2026-07-19 22:57:05 Loaded main app package /nix/store/3wprmks1ahz3sy7kq2fijjdxg0zb5zqm-obsidian-1.12.7/share/obsidian/obsidian.asar
2026-07-19 22:57:05 Checking for update using Github
2026-07-19 22:57:06 Success.
2026-07-19 22:57:06 Latest version is 1.12.7
2026-07-19 22:57:06 App is up to date.
2026-07-19 23:14:51 Loaded main app package /nix/store/3wprmks1ahz3sy7kq2fijjdxg0zb5zqm-obsidian-1.12.7/share/obsidian/obsidian.asar
2026-07-19 23:14:51 Checking for update using Github
2026-07-19 23:14:52 Success.
2026-07-19 23:14:52 Latest version is 1.12.7
2026-07-19 23:14:52 App is up to date.
2026-07-19 23:15:28 Loaded main app package /nix/store/3wprmks1ahz3sy7kq2fijjdxg0zb5zqm-obsidian-1.12.7/share/obsidian/obsidian.asar
2026-07-19 23:15:28 Checking for update using Github
2026-07-19 23:15:28 Success.
2026-07-19 23:15:28 Latest version is 1.12.7
2026-07-19 23:15:28 App is up to date.
2026-07-19 23:25:15 Loaded main app package /nix/store/3wprmks1ahz3sy7kq2fijjdxg0zb5zqm-obsidian-1.12.7/share/obsidian/obsidian.asar
2026-07-19 23:25:15 Checking for update using Github
2026-07-19 23:25:15 Success.
2026-07-19 23:25:15 Latest version is 1.12.7
2026-07-19 23:25:15 App is up to date.
2026-07-19 23:31:24 Loaded main app package /nix/store/3wprmks1ahz3sy7kq2fijjdxg0zb5zqm-obsidian-1.12.7/share/obsidian/obsidian.asar
2026-07-19 23:31:24 Checking for update using Github
2026-07-19 23:31:24 Success.
2026-07-19 23:31:24 Latest version is 1.12.7
2026-07-19 23:31:24 App is up to date.
2026-07-20 22:51:16 Loaded main app package /nix/store/3wprmks1ahz3sy7kq2fijjdxg0zb5zqm-obsidian-1.12.7/share/obsidian/obsidian.asar
2026-07-20 22:51:17 Checking for update using Github
2026-07-20 22:51:17 Success.
2026-07-20 22:51:17 Latest version is 1.12.7
2026-07-20 22:51:17 App is up to date.
2026-07-20 23:54:09 Loaded main app package /nix/store/3wprmks1ahz3sy7kq2fijjdxg0zb5zqm-obsidian-1.12.7/share/obsidian/obsidian.asar
2026-07-20 23:54:09 Checking for update using Github
2026-07-20 23:54:09 Success.
2026-07-20 23:54:09 Latest version is 1.12.7
2026-07-20 23:54:09 App is up to date.
2026-07-21 00:00:02 Loaded main app package /nix/store/3wprmks1ahz3sy7kq2fijjdxg0zb5zqm-obsidian-1.12.7/share/obsidian/obsidian.asar
2026-07-21 00:00:02 Checking for update using Github
2026-07-21 00:00:02 Success.
2026-07-21 00:00:02 Latest version is 1.12.7
2026-07-21 00:00:02 App is up to date.
2026-07-24 06:38:56 Loaded main app package /nix/store/3wprmks1ahz3sy7kq2fijjdxg0zb5zqm-obsidian-1.12.7/share/obsidian/obsidian.asar
2026-07-24 06:38:57 Checking for update using Github
2026-07-24 06:38:57 Success.
2026-07-24 06:38:57 Latest version is 1.12.7
2026-07-24 06:38:57 App is up to date.
2026-07-24 06:40:43 Loaded main app package /nix/store/3wprmks1ahz3sy7kq2fijjdxg0zb5zqm-obsidian-1.12.7/share/obsidian/obsidian.asar
2026-07-24 06:41:49 Loaded main app package /nix/store/3wprmks1ahz3sy7kq2fijjdxg0zb5zqm-obsidian-1.12.7/share/obsidian/obsidian.asar
2026-07-24 06:41:55 Loaded main app package /nix/store/3wprmks1ahz3sy7kq2fijjdxg0zb5zqm-obsidian-1.12.7/share/obsidian/obsidian.asar
2026-07-24 06:41:55 Checking for update using Github
2026-07-24 06:41:55 Success.
2026-07-24 06:41:55 Latest version is 1.12.7
2026-07-24 06:41:55 App is up to date.
2026-07-24 06:42:29 Loaded main app package /nix/store/3wprmks1ahz3sy7kq2fijjdxg0zb5zqm-obsidian-1.12.7/share/obsidian/obsidian.asar
2026-07-24 06:42:30 Checking for update using Github
2026-07-24 06:42:30 Success.
2026-07-24 06:42:30 Latest version is 1.12.7
2026-07-24 06:42:30 App is up to date.
2026-07-24 06:42:35 Loaded main app package /nix/store/3wprmks1ahz3sy7kq2fijjdxg0zb5zqm-obsidian-1.12.7/share/obsidian/obsidian.asar
2026-07-24 06:43:00 Loaded main app package /nix/store/3wprmks1ahz3sy7kq2fijjdxg0zb5zqm-obsidian-1.12.7/share/obsidian/obsidian.asar
2026-07-24 06:43:00 Checking for update using Github
2026-07-24 06:43:00 Success.
2026-07-24 06:43:00 Latest version is 1.12.7
2026-07-24 06:43:00 App is up to date.
2026-07-24 06:44:44 Loaded main app package /nix/store/3wprmks1ahz3sy7kq2fijjdxg0zb5zqm-obsidian-1.12.7/share/obsidian/obsidian.asar
2026-07-24 06:44:44 Checking for update using Github
2026-07-24 06:44:45 Success.
2026-07-24 06:44:45 Latest version is 1.12.7
2026-07-24 06:44:45 App is up to date.
2026-07-24 06:44:46 Loaded main app package /nix/store/3wprmks1ahz3sy7kq2fijjdxg0zb5zqm-obsidian-1.12.7/share/obsidian/obsidian.asar
2026-07-24 06:44:47 Loaded main app package /nix/store/3wprmks1ahz3sy7kq2fijjdxg0zb5zqm-obsidian-1.12.7/share/obsidian/obsidian.asar
2026-07-24 06:45:13 Loaded main app package /nix/store/3wprmks1ahz3sy7kq2fijjdxg0zb5zqm-obsidian-1.12.7/share/obsidian/obsidian.asar
2026-07-24 06:45:13 Checking for update using Github
2026-07-24 06:45:14 Success.
2026-07-24 06:45:14 Latest version is 1.12.7
2026-07-24 06:45:14 App is up to date.
2026-07-24 06:45:17 Loaded main app package /nix/store/3wprmks1ahz3sy7kq2fijjdxg0zb5zqm-obsidian-1.12.7/share/obsidian/obsidian.asar
2026-07-24 06:45:17 Checking for update using Github
2026-07-24 06:45:17 Success.
2026-07-24 06:45:17 Latest version is 1.12.7
2026-07-24 06:45:17 App is up to date.
2026-07-25 01:06:49 Loaded main app package /nix/store/3wprmks1ahz3sy7kq2fijjdxg0zb5zqm-obsidian-1.12.7/share/obsidian/obsidian.asar
2026-07-25 01:06:50 Checking for update using Github
2026-07-25 01:06:50 Success.
2026-07-25 01:06:50 Latest version is 1.12.7
2026-07-25 01:06:50 App is up to date.
2026-07-26 00:15:43 Loaded main app package /nix/store/3wprmks1ahz3sy7kq2fijjdxg0zb5zqm-obsidian-1.12.7/share/obsidian/obsidian.asar
2026-07-26 00:15:43 Checking for update using Github
2026-07-26 00:15:43 Success.
2026-07-26 00:15:43 Latest version is 1.12.7
2026-07-26 00:15:43 App is up to date.
2026-07-26 17:36:49 Loaded main app package /nix/store/3wprmks1ahz3sy7kq2fijjdxg0zb5zqm-obsidian-1.12.7/share/obsidian/obsidian.asar
2026-07-26 17:36:49 Checking for update using Github
2026-07-26 17:36:50 Success.
2026-07-26 17:36:50 Latest version is 1.12.7
2026-07-26 17:36:50 App is up to date.
2026-07-26 18:36:49 Checking for update using Github
2026-07-26 18:36:49 Success.
2026-07-26 18:36:49 Latest version is 1.12.7
2026-07-26 18:36:49 App is up to date.
2026-07-26 19:36:49 Checking for update using Github
2026-07-26 19:36:49 Success.
2026-07-26 19:36:49 Latest version is 1.12.7
2026-07-26 19:36:49 App is up to date.
2026-07-27 00:01:02 Loaded main app package /nix/store/3wprmks1ahz3sy7kq2fijjdxg0zb5zqm-obsidian-1.12.7/share/obsidian/obsidian.asar
2026-07-27 00:01:03 Checking for update using Github
2026-07-27 00:01:03 Success.
2026-07-27 00:01:03 Latest version is 1.12.7
2026-07-27 00:01:03 App is up to date.
2026-07-27 13:43:19 Loaded main app package /nix/store/3wprmks1ahz3sy7kq2fijjdxg0zb5zqm-obsidian-1.12.7/share/obsidian/obsidian.asar
2026-07-27 13:43:19 Checking for update using Github
2026-07-27 13:43:20 Success.
2026-07-27 13:43:20 Latest version is 1.12.7
2026-07-27 13:43:20 App is up to date.
2026-08-02 00:15:35 Loaded main app package /nix/store/3wprmks1ahz3sy7kq2fijjdxg0zb5zqm-obsidian-1.12.7/share/obsidian/obsidian.asar
2026-08-02 00:15:36 Checking for update using Github
2026-08-02 00:15:38 Success.
2026-08-02 00:15:38 Latest version is 1.13.4
2026-08-02 00:15:38 Downloading update from https://github.com/obsidianmd/obsidian-releases/releases/download/v1.13.4/obsidian-1.13.4.asar.gz
2026-08-03 00:17:49 Loaded main app package /nix/store/3wprmks1ahz3sy7kq2fijjdxg0zb5zqm-obsidian-1.12.7/share/obsidian/obsidian.asar
2026-08-03 00:17:49 Checking for update using Github
2026-08-03 00:17:50 Success.
2026-08-03 00:17:50 Latest version is 1.13.4
2026-08-03 00:17:50 Downloading update from https://github.com/obsidianmd/obsidian-releases/releases/download/v1.13.4/obsidian-1.13.4.asar.gz
2026-08-03 00:17:53 Verifying hash & signature. Size= 8772423
2026-08-03 00:17:53 Saving file
2026-08-03 00:17:53 Update complete.
2026-08-03 11:53:42 Loaded updated app package /home/suupatruupa/.config/obsidian/obsidian-1.13.4.asar
2026-08-03 11:53:42 Checking for update using Github
2026-08-03 11:53:43 Success.
2026-08-03 11:53:43 Latest version is 1.13.4
2026-08-03 11:53:43 App is up to date.
2026-08-03 19:15:36 Loaded updated app package /home/suupatruupa/.config/obsidian/obsidian-1.13.4.asar
2026-08-03 19:15:36 Checking for update using Github
2026-08-03 19:15:37 Success.
2026-08-03 19:15:37 Latest version is 1.13.4
2026-08-03 19:15:37 App is up to date.
2026-08-03 19:21:35 Loaded updated app package /home/suupatruupa/.config/obsidian/obsidian-1.13.4.asar
2026-08-03 19:21:35 Checking for update using Github
2026-08-03 19:21:36 Success.
2026-08-03 19:21:36 Latest version is 1.13.4
2026-08-03 19:21:36 App is up to date.
2026-08-04 01:04:30 Loaded updated app package /home/suupatruupa/.config/obsidian/obsidian-1.13.4.asar
2026-08-04 01:04:30 Checking for update using Github
2026-08-04 01:04:31 Success.
2026-08-04 01:04:31 Latest version is 1.13.4
2026-08-04 01:04:31 App is up to date.
2026-08-04 13:21:41 Loaded updated app package /home/suupatruupa/.config/obsidian/obsidian-1.13.4.asar
2026-08-04 13:21:42 Checking for update using Github
2026-08-04 13:21:42 Success.
2026-08-04 13:21:42 Latest version is 1.13.4
2026-08-04 13:21:42 App is up to date.
2026-08-04 13:30:56 Loaded updated app package /home/suupatruupa/.config/obsidian/obsidian-1.13.4.asar
2026-08-04 13:30:57 Checking for update using Github
2026-08-04 13:30:57 Success.
2026-08-04 13:30:57 Latest version is 1.13.4
2026-08-04 13:30:57 App is up to date.
2026-08-08 00:27:38 Loaded updated app package /home/suupatruupa/.config/obsidian/obsidian-1.13.4.asar
2026-08-08 00:27:38 Checking for update using Github
2026-08-08 00:27:39 Success.
2026-08-08 00:27:39 Latest version is 1.13.4
2026-08-08 00:27:39 App is up to date.
2026-08-08 15:17:39 Loaded updated app package /home/suupatruupa/.config/obsidian/obsidian-1.13.4.asar
2026-08-08 15:17:40 Checking for update using Github
2026-08-08 15:17:40 Success.
2026-08-08 15:17:40 Latest version is 1.13.4
2026-08-08 15:17:40 App is up to date.
2026-08-08 21:53:28 Loaded updated app package /home/suupatruupa/.config/obsidian/obsidian-1.13.4.asar
2026-08-08 21:53:28 Checking for update using Github
2026-08-08 21:53:29 Success.
2026-08-08 21:53:29 Latest version is 1.13.4
2026-08-08 21:53:29 App is up to date.
2026-08-12 02:20:44 Loaded updated app package /home/suupatruupa/.config/obsidian/obsidian-1.13.4.asar
2026-08-12 02:20:44 Checking for update using Github
2026-08-12 02:20:45 Success.
2026-08-12 02:20:45 Latest version is 1.13.6
2026-08-12 02:20:45 Downloading update from https://github.com/obsidianmd/obsidian-releases/releases/download/v1.13.6/obsidian-1.13.6.asar.gz
2026-08-12 02:20:48 Verifying hash & signature. Size= 8772809
2026-08-12 02:20:48 Saving file
2026-08-12 02:20:49 Update complete.
2026-08-16 05:24:24 Loaded updated app /home/suupatruupa/.config/obsidian/obsidian-1.13.6.asar
2026-08-16 05:24:25 Checking for update using Github
2026-08-16 05:24:25 Success.
2026-08-16 05:24:25 Latest version is 1.13.7
2026-08-16 05:24:25 Downloading update from https://github.com/obsidianmd/obsidian-releases/releases/download/v1.13.7/obsidian-1.13.7.asar.gz
2026-08-16 05:24:28 Verifying hash & signature. Size= 8773048
2026-08-16 05:24:28 Saving file
2026-08-16 05:24:28 Update complete.
2026-08-16 05:32:33 Loaded updated app /home/suupatruupa/.config/obsidian/obsidian-1.13.7.asar
2026-08-16 05:32:34 Checking for update using Github
2026-08-16 05:32:34 Success.
2026-08-16 05:32:34 Latest version is 1.13.7
2026-08-16 05:32:34 App is up to date.
2026-08-16 07:38:26 Loaded updated app /home/suupatruupa/.config/obsidian/obsidian-1.13.7.asar
2026-08-16 07:38:27 Checking for update using Github
2026-08-16 07:38:27 Success.
2026-08-16 07:38:27 Latest version is 1.13.7
2026-08-16 07:38:27 App is up to date.
2026-08-16 07:40:18 Loaded updated app /home/suupatruupa/.config/obsidian/obsidian-1.13.7.asar
2026-08-16 07:40:18 Checking for update using Github
2026-08-16 07:40:18 Success.
2026-08-16 07:40:18 Latest version is 1.13.7
2026-08-16 07:40:18 App is up to date.
2026-08-16 16:00:34 Loaded updated app /home/suupatruupa/.config/obsidian/obsidian-1.13.7.asar
2026-08-16 16:00:35 Checking for update using Github
2026-08-16 16:00:35 Success.
2026-08-16 16:00:35 Latest version is 1.13.7
2026-08-16 16:00:35 App is up to date.
2026-08-16 17:00:34 Checking for update using Github
2026-08-16 17:00:34 Success.
2026-08-16 17:00:34 Latest version is 1.13.7
2026-08-16 17:00:34 App is up to date.
2026-08-16 23:45:40 Loaded updated app /home/suupatruupa/.config/obsidian/obsidian-1.13.7.asar
2026-08-16 23:45:40 Checking for update using Github
2026-08-16 23:45:41 Success.
2026-08-16 23:45:41 Latest version is 1.13.7
2026-08-16 23:45:41 App is up to date.
2026-08-17 19:12:22 Loaded updated app /home/suupatruupa/.config/obsidian/obsidian-1.13.7.asar
2026-08-17 19:12:23 Checking for update using Github
2026-08-17 19:12:23 Success.
2026-08-17 19:12:23 Latest version is 1.13.7
2026-08-17 19:12:23 App is up to date.
2026-08-17 19:52:28 Loaded updated app /home/suupatruupa/.config/obsidian/obsidian-1.13.7.asar
2026-08-17 19:52:28 Checking for update using Github
2026-08-17 19:52:29 Success.
2026-08-17 19:52:29 Latest version is 1.13.7
2026-08-17 19:52:29 App is up to date.
2026-08-17 20:52:28 Checking for update using Github
2026-08-17 20:52:28 Success.
2026-08-17 20:52:28 Latest version is 1.13.7
2026-08-17 20:52:28 App is up to date.
2026-08-20 00:07:55 Loaded updated app /home/suupatruupa/.config/obsidian/obsidian-1.13.7.asar
2026-08-20 00:07:55 Checking for update using Github
2026-08-20 00:07:56 Success.
2026-08-20 00:07:56 Latest version is 1.13.7
2026-08-20 00:07:56 App is up to date.
2026-08-20 01:39:21 Loaded updated app /home/suupatruupa/.config/obsidian/obsidian-1.13.7.asar
2026-08-20 01:39:22 Checking for update using Github
2026-08-20 01:39:22 Success.
2026-08-20 01:39:22 Latest version is 1.13.7
2026-08-20 01:39:22 App is up to date.
2026-08-20 15:51:39 Loaded updated app /home/suupatruupa/.config/obsidian/obsidian-1.13.7.asar
2026-08-20 15:51:39 Checking for update using Github
2026-08-20 15:51:40 Success.
2026-08-20 15:51:40 Latest version is 1.13.7
2026-08-20 15:51:40 App is up to date.
2026-08-20 18:48:39 Loaded updated app /home/suupatruupa/.config/obsidian/obsidian-1.13.7.asar
2026-08-20 18:48:40 Checking for update using Github
2026-08-20 18:48:40 Success.
2026-08-20 18:48:40 Latest version is 1.13.7
2026-08-20 18:48:40 App is up to date.
2026-08-21 21:59:50 Loaded updated app /home/suupatruupa/.config/obsidian/obsidian-1.13.7.asar
2026-08-21 21:59:51 Checking for update using Github
2026-08-21 21:59:51 Success.
2026-08-21 21:59:51 Latest version is 1.13.7
2026-08-21 21:59:51 App is up to date.
2026-08-21 22:07:03 Loaded updated app /home/suupatruupa/.config/obsidian/obsidian-1.13.7.asar
2026-08-21 22:07:03 Checking for update using Github
2026-08-21 22:07:04 Success.
2026-08-21 22:07:04 Latest version is 1.13.7
2026-08-21 22:07:04 App is up to date.
2026-08-21 23:20:43 Checking for update using Github
2026-08-21 23:20:44 Success.
2026-08-21 23:20:44 Latest version is 1.13.7
2026-08-21 23:20:44 App is up to date.
2026-08-23 22:53:11 Loaded updated app /home/suupatruupa/.config/obsidian/obsidian-1.13.7.asar
2026-08-23 22:53:12 Checking for update using Github
2026-08-23 22:53:17 Success.
2026-08-23 22:53:17 Latest version is 1.13.7
2026-08-23 22:53:17 App is up to date.
2026-08-27 23:41:08 Loaded updated app /home/suupatruupa/.config/obsidian/obsidian-1.13.7.asar
2026-08-27 23:41:09 Checking for update using Github
2026-08-27 23:41:09 Success.
2026-08-27 23:41:09 Latest version is 1.13.7
2026-08-27 23:41:09 App is up to date.
2026-08-28 01:06:42 Checking for update using Github
2026-08-28 01:06:42 Success.
2026-08-28 01:06:42 Latest version is 1.13.7
2026-08-28 01:06:42 App is up to date.
2026-08-28 22:22:35 Loaded updated app /home/suupatruupa/.config/obsidian/obsidian-1.13.7.asar
2026-08-28 22:22:35 Checking for update using Github
2026-08-28 22:22:36 Success.
2026-08-28 22:22:36 Latest version is 1.13.7
2026-08-28 22:22:36 App is up to date.
2026-08-29 10:02:49 Loaded updated app /home/suupatruupa/.config/obsidian/obsidian-1.13.7.asar
2026-08-29 10:02:50 Checking for update using Github
2026-08-29 10:02:51 Success.
2026-08-29 10:02:51 Latest version is 1.13.7
2026-08-29 10:02:51 App is up to date.
2026-08-29 12:46:30 Loaded updated app /home/suupatruupa/.config/obsidian/obsidian-1.13.7.asar
2026-08-29 12:46:30 Checking for update using Github
2026-08-29 12:46:30 Success.
2026-08-29 12:46:30 Latest version is 1.13.7
2026-08-29 12:46:30 App is up to date.
2026-08-29 13:29:15 Loaded updated app /home/suupatruupa/.config/obsidian/obsidian-1.13.7.asar
2026-08-29 13:29:16 Checking for update using Github
2026-08-29 13:29:16 Success.
2026-08-29 13:29:16 Latest version is 1.13.7
2026-08-29 13:29:16 App is up to date.
2026-08-29 14:09:20 Loaded updated app /home/suupatruupa/.config/obsidian/obsidian-1.13.7.asar
2026-08-29 14:09:20 Checking for update using Github
2026-08-29 14:09:20 Success.
2026-08-29 14:09:20 Latest version is 1.13.7
2026-08-29 14:09:20 App is up to date.
2026-08-29 15:09:20 Checking for update using Github
2026-08-29 15:09:20 Success.
2026-08-29 15:09:20 Latest version is 1.13.7
2026-08-29 15:09:20 App is up to date.
2026-08-29 16:26:22 Checking for update using Github
2026-08-29 16:26:22 Success.
2026-08-29 16:26:22 Latest version is 1.13.7
2026-08-29 16:26:22 App is up to date.
2026-08-29 21:21:40 Loaded updated app /home/suupatruupa/.config/obsidian/obsidian-1.13.7.asar
2026-08-29 21:21:42 Checking for update using Github
2026-08-29 21:21:42 Success.
2026-08-29 21:21:42 Latest version is 1.13.7
2026-08-29 21:21:42 App is up to date.
2026-08-29 22:21:40 Checking for update using Github
2026-08-29 22:21:40 Success.
2026-08-29 22:21:40 Latest version is 1.13.7
2026-08-29 22:21:40 App is up to date.
2026-08-30 00:08:57 Loaded updated app /home/suupatruupa/.config/obsidian/obsidian-1.13.7.asar
2026-08-30 00:08:57 Checking for update using Github
2026-08-30 00:08:58 Success.
2026-08-30 00:08:58 Latest version is 1.13.7
2026-08-30 00:08:58 App is up to date.
2026-08-30 01:08:57 Checking for update using Github
2026-08-30 01:08:57 Success.
2026-08-30 01:08:57 Latest version is 1.13.7
2026-08-30 01:08:57 App is up to date.
2026-08-30 02:08:57 Checking for update using Github
2026-08-30 02:08:57 Success.
2026-08-30 02:08:57 Latest version is 1.13.7
2026-08-30 02:08:57 App is up to date.
2026-08-30 12:52:43 Loaded updated app /home/suupatruupa/.config/obsidian/obsidian-1.13.7.asar
2026-08-30 12:52:45 Checking for update using Github
2026-08-30 12:52:45 Success.
2026-08-30 12:52:45 Latest version is 1.13.7
2026-08-30 12:52:45 App is up to date.
2026-08-30 13:52:42 Checking for update using Github
2026-08-30 13:52:42 Success.
2026-08-30 13:52:42 Latest version is 1.13.7
2026-08-30 13:52:42 App is up to date.
2026-08-30 16:31:37 Checking for update using Github
2026-08-30 16:31:37 Success.
2026-08-30 16:31:37 Latest version is 1.13.7
2026-08-30 16:31:37 App is up to date.
2026-08-30 18:53:53 Checking for update using Github
2026-08-30 18:53:53 Success.
2026-08-30 18:53:53 Latest version is 1.13.7
2026-08-30 18:53:53 App is up to date.
2026-08-30 19:53:53 Checking for update using Github
2026-08-30 19:53:53 Success.
2026-08-30 19:53:53 Latest version is 1.13.7
2026-08-30 19:53:53 App is up to date.
2026-08-30 20:53:53 Checking for update using Github
2026-08-30 20:53:53 Success.
2026-08-30 20:53:53 Latest version is 1.13.7
2026-08-30 20:53:53 App is up to date.
2026-08-30 21:53:53 Checking for update using Github
2026-08-30 21:53:53 Success.
2026-08-30 21:53:53 Latest version is 1.13.7
2026-08-30 21:53:53 App is up to date.
2026-08-30 22:53:53 Checking for update using Github
2026-08-30 22:53:53 Success.
2026-08-30 22:53:53 Latest version is 1.13.7
2026-08-30 22:53:53 App is up to date.
2026-08-30 23:53:53 Checking for update using Github
2026-08-30 23:53:53 Success.
2026-08-30 23:53:53 Latest version is 1.13.7
2026-08-30 23:53:53 App is up to date.
2026-09-01 02:00:22 Loaded updated app /home/suupatruupa/.config/obsidian/obsidian-1.13.7.asar
2026-09-01 02:00:23 Checking for update using Github
2026-09-01 02:00:24 Success.
2026-09-01 02:00:24 Latest version is 1.13.7
2026-09-01 02:00:24 App is up to date.
2026-09-05 21:07:58 Loaded updated app /home/suupatruupa/.config/obsidian/obsidian-1.13.7.asar
2026-09-05 21:07:59 Checking for update using Github
2026-09-05 21:08:00 Success.
2026-09-05 21:08:00 Latest version is 1.13.7
2026-09-05 21:08:00 App is up to date.
2026-09-16 18:25:35 Loaded updated app /home/suupatruupa/.config/obsidian/obsidian-1.13.7.asar
2026-09-16 18:25:36 Checking for update using Github
2026-09-16 18:25:36 Success.
2026-09-16 18:25:36 Latest version is 1.13.7
2026-09-16 18:25:36 App is up to date.
